Room ID: 1379549245986609410
Canonical URL: https://www.airbnb.com/rooms/1379549245986609410
Parsed 1 deferred-state script(s)
Title: Casa di Miriam
Photo source: PHOTO_TOUR_SCROLLABLE_MODAL
Found 79 photos
Rooms: 7
  - Living room: 7 photos
  - Full kitchen: 6 photos
  - Dining area: 5 photos
  - Bedroom: 16 photos
  - Full bathroom: 12 photos
  - Lake Como First Basin: 1 photos
  - Additional photos: 32 photos
  [living-room] 01_da956522-76a5-4028-8933-78bb69a63dd8.jpeg
  [living-room] 02_df6fc791-21be-45f8-9dd9-1af4eba36394.jpeg
  [living-room] 03_9c5a7c39-cf51-416a-ad0f-10258eea3ea0.jpeg
  [living-room] 04_b88cb9e2-5420-4b29-8ce9-5e7d64bb3ca8.jpeg
  [living-room] 05_3701fd01-7adf-4c0e-9091-9804d487c102.jpeg
  [living-room] 06_538a945c-8267-402e-94a0-50dc48d7f3ac.jpeg
  [living-room] 07_15ac2121-4f19-41ef-a58f-0f95796184ba.jpeg
  [full-kitchen] 01_215f9999-2c71-49fd-a822-6fc8ae05c0b8.jpeg
  [full-kitchen] 02_5ef9c1be-0e47-4d5a-88c0-7f6ab0bcc23f.jpeg
  [full-kitchen] 03_39ce7554-de80-4b01-87ae-da8b86f45783.jpeg
  [full-kitchen] 04_57be7e58-e772-4dad-b544-f500864c65ce.jpeg
  [full-kitchen] 05_6a72bd2e-6285-4a8e-922d-4d8a817746d5.jpeg
  [full-kitchen] 06_f3ca8e9f-d129-4356-9f3a-ffbe03b6efc4.jpeg
  [dining-area] 01_83eaf616-3714-4509-9c1c-e0b911d2650f.jpeg
  [dining-area] 02_1a748ac4-93bb-4dd0-b5ce-653c9293c114.jpeg
  [dining-area] 03_76a25713-ca35-45ee-bacf-f7fd34898b0a.jpeg
  [dining-area] 04_6732278d-956b-4dbd-9457-84f2f0ec2f4a.jpeg
  [dining-area] 05_5ad0b7f7-16f1-41a9-b5e5-0bec1d2e8c29.jpeg
  [bedroom] 01_65cadd3e-a1df-4e89-a1a1-d4bde22a7b61.jpeg
  [bedroom] 02_d2aa28a4-6783-48ed-b334-7991dadb9a00.jpeg
  [bedroom] 03_22e792c0-cc2f-401a-8d0a-8e94b3b00f74.jpeg
  [bedroom] 04_43dfc4d9-2076-4309-ba2e-515e1bc5a635.jpeg
  [bedroom] 05_cd5831ca-04b3-412f-b2c5-da98166051cb.jpeg
  [bedroom] 06_de2965ae-e9b5-4bc7-ad84-6d3171bb54ef.jpeg
  [bedroom] 07_1410d424-590c-44ef-af2a-b314561030cb.jpeg
  [bedroom] 08_f8eef7d2-6aa2-4995-8c20-6519b8301730.jpeg
  [bedroom] 09_b6a2332f-91ef-46ab-8214-2c6fa8839870.jpeg
  [bedroom] 10_9f69dfc3-8347-48f8-ac70-0b18097e54b0.jpeg
  [bedroom] 11_f8f67d90-44cb-4fcb-ba90-6630ec1cde9d.jpeg
  [bedroom] 12_dcd63842-126d-442d-aaab-5acda808b773.jpeg
  [bedroom] 13_706f26b0-54ff-4e66-bf1f-b58a4f938bc2.jpeg
  [bedroom] 14_12cff1d2-ddc3-4a88-a318-415346412700.jpeg
  [bedroom] 15_f6c33a21-ebbd-4119-80ff-b3a550a55542.jpeg
  [bedroom] 16_50c56e36-3a9a-4068-a9a3-085a5ddac274.jpeg
  [full-bathroom] 01_42d9fe0f-6919-451c-b814-7a507b691ed9.jpeg
  [full-bathroom] 02_04d2f8c4-f1b1-4270-8cb1-fc2fc8f8e5f3.jpeg
  [full-bathroom] 03_6ea29209-e823-4603-9789-4a3d3ea4a86d.jpeg
  [full-bathroom] 04_86fedec5-3906-4336-83d4-9ba578e79caa.jpeg
  [full-bathroom] 05_0a589af0-395e-4a15-ad94-e2654601c43a.jpeg
  [full-bathroom] 06_67941f11-3506-4bcb-aad8-1e8b36b85663.jpeg
  [full-bathroom] 07_4063b432-d19f-4740-9152-1328d5884826.jpeg
  [full-bathroom] 08_559164ae-584d-4051-8836-d92ad583c562.jpeg
  [full-bathroom] 09_056392e5-6580-4e4f-911f-d96e27b59d5a.jpeg
  [full-bathroom] 10_a5bb88b2-87a4-4dde-8db0-da8b8ee0c41d.jpeg
  [full-bathroom] 11_1c19b809-3bff-4f73-ada8-92bc3982a1d8.jpeg
  [full-bathroom] 12_9736d8e0-6098-4465-89c0-fd01f5703b07.jpeg
  [lake-como-first-basin] 01_ccd2363d-a7c8-4055-af5d-54bde3982d83.jpeg
  [additional-photos] 01_11d69ca2-a7d5-408f-a164-be24e8263a29.jpeg
  [additional-photos] 02_f438ef8b-40bd-4e17-bf55-496517b390d9.jpeg
  [additional-photos] 03_9d5d9ea1-7df9-4c0e-a152-7b0f3548723f.jpeg
  [additional-photos] 04_7686ba37-7162-4edf-adb7-995e806dfe01.jpeg
  [additional-photos] 05_0791558c-5524-47ef-afb6-ddcb0671700a.jpeg
  [additional-photos] 06_ee173be1-913f-4a12-bdaf-0bb6f48233f6.jpeg
  [additional-photos] 07_b2058007-0717-448c-aebe-182900521c84.jpeg
  [additional-photos] 08_2b235f71-4143-42bc-a01b-504681251bc0.jpeg
  [additional-photos] 09_d3f74c06-e837-4568-add0-29e5ddfbb3de.jpeg
  [additional-photos] 10_7256bbdb-a615-4464-b93d-0a49cfbcc54a.jpeg
  [additional-photos] 11_ba140be4-71f0-4c20-86ca-c0b9c5771e05.jpeg
  [additional-photos] 12_bd5ae176-170b-4652-9195-3f8d6ec851ef.jpeg
  [additional-photos] 13_5af43642-b6c8-42d8-807d-c8fc246e6802.jpeg
  [additional-photos] 14_4c0b3b9f-0e42-45a8-9f1f-571aa41f468a.jpeg
  [additional-photos] 15_e46c34e1-78c0-466c-9766-224d76673424.jpeg
  [additional-photos] 16_1e409b27-ff5e-4ccf-b401-db4e9079172f.jpeg
  [additional-photos] 17_c913b824-9f86-4238-b383-2c1546194611.jpeg
  [additional-photos] 18_b2e480d9-dfbc-426f-86c2-6a13b8cf76ec.jpeg
  [additional-photos] 19_dcd04bdd-a2bd-4f2b-875f-b188675f5fa5.jpeg
  [additional-photos] 20_1e465e5d-d73d-4dc8-a63b-f4f805f2a615.jpeg
  [additional-photos] 21_edbe3db0-b08f-42a3-8afe-79da7d96fef7.jpeg
  [additional-photos] 22_fc38748d-4472-41b6-afa0-58f9227cbb56.jpeg
  [additional-photos] 23_3a698d06-80f1-4d45-bae5-feda405e2aa7.jpeg
  [additional-photos] 24_a75a6fbc-4347-4cec-92f0-81566f86e25d.jpeg
  [additional-photos] 25_8a117734-a1de-462d-a657-7917d31c0e19.jpeg
  [additional-photos] 26_d80742a4-2776-4267-bb82-a38df5a2f52d.jpeg
  [additional-photos] 27_4bef3a93-ac5c-4559-8b67-aca3b9e6c01b.jpeg
  [additional-photos] 28_988e3f71-d7eb-4931-9537-17fe34f3b2a7.jpeg
  [additional-photos] 29_ae4a2559-00d6-4b42-a0ed-1540b0a91426.jpeg
  [additional-photos] 30_11ba985d-b9c3-4988-b674-ed8185e32c99.jpeg
  [additional-photos] 31_fb3181d0-ff8d-4a68-a8a0-16ac9be9fa84.jpeg
  [additional-photos] 32_704c2abc-38d8-4fd5-9893-d2eba2c9b913.jpeg

Downloaded 79 photos in 7 rooms
Output: C:\Users\Andrei\Desktop\Claudio\Hosting Lake Como\listings\1379549245986609410
